// Jest Snapshot v1, https://goo.gl/fbAQLP

exports[`app should render initial layout 1`] = `
Array [
  <app />,
]
`;
