// Jest Snapshot v1, https://goo.gl/fbAQLP

exports[`ToDoList should render initial layout 1`] = `
Array [
  <div
    className="toDoListContainer"
  />,
]
`;
